================================================================================
Stage 4: C-class temporal relation clustering
================================================================================
[1] Data loaded
Data shape: (17953, 6)
Number of frames: 541
[2] Running method
method: temporal_agglomerative

[3] Summary
method: temporal_agglomerative
feature_mode: temporal_relation
num_frames: 541
avg_num_clusters: 3.0
min_num_clusters: 3
max_num_clusters: 3
std_num_clusters: 0.0
avg_raw_num_clusters: 3.0
fallback_frames: 0
fallback_ratio: 0.0
avg_runtime_sec: 0.009503730784502576
total_runtime_sec: 5.45323920249939
frames_with_less_than_2_clusters: 0
ratio_frames_at_least_2_clusters: 1.0
window_size: 5
beta: 0.7
n_clusters_param: 3
dist_threshold: 1.2
vel_threshold: 0.08
sigma_d: 2.0
sigma_v: 0.1
result_path: outputs/c_temporal/clusters_c_temporal_agglomerative_w5_b0p7_k3_dt1p2_vt0p08_sd2p0_sv0p1.csv
stats_path: outputs/c_temporal/stats_c_temporal_agglomerative_w5_b0p7_k3_dt1p2_vt0p08_sd2p0_sv0p1.csv

[4] Saved files
result_path: outputs/c_temporal/clusters_c_temporal_agglomerative_w5_b0p7_k3_dt1p2_vt0p08_sd2p0_sv0p1.csv
stats_path: outputs/c_temporal/stats_c_temporal_agglomerative_w5_b0p7_k3_dt1p2_vt0p08_sd2p0_sv0p1.csv
summary_path: outputs/c_temporal/summary_c_temporal_agglomerative_w5_b0p7_k3_dt1p2_vt0p08_sd2p0_sv0p1.csv
