================================================================================
Stage 3: B-class motion feature enhanced clustering
================================================================================

[1] Data loaded
Data shape: (17953, 4)
Number of frames: 541

[2] Adding motion features
Columns: ['time_step', 'ID', 'X', 'Y', 'vx', 'vy', 'window_vx', 'window_vy', 'momentum_vx', 'momentum_vy', 'cos_theta', 'sin_theta']

[3] Running B-class method
feature_mode: momentum
eps: 1.0
min_samples: 2
window_size: 5
momentum_alpha: 0.7
position_weight: 1.0
motion_weight: 0.5

[4] Summary
method: dbscan_kmeans_fallback
feature_mode: momentum
num_frames: 541
avg_num_clusters: 4.011090573012939
min_num_clusters: 2
max_num_clusters: 9
std_num_clusters: 1.3122876946893884
avg_noise_ratio: 0.10256809886507502
avg_raw_dbscan_num_clusters: 3.9944547134935307
avg_raw_dbscan_noise_ratio: 0.10550486931974595
fallback_frames: 9
fallback_ratio: 0.0166358595194085
avg_runtime_sec: 0.0006906311965914178
total_runtime_sec: 0.8973140716552734
frames_with_less_than_2_clusters: 0
ratio_frames_at_least_2_clusters: 1.0
eps: 1.0
min_samples: 2
window_size: 5
momentum_alpha: 0.7
position_weight: 1.0
motion_weight: 0.5
result_path: outputs/b_motion/clusters_b_momentum_eps1p0_min2_w5_a0p7_pw1p0_mw0p5.csv
stats_path: outputs/b_motion/stats_b_momentum_eps1p0_min2_w5_a0p7_pw1p0_mw0p5.csv

[5] Saved files
result_path: outputs/b_motion/clusters_b_momentum_eps1p0_min2_w5_a0p7_pw1p0_mw0p5.csv
stats_path: outputs/b_motion/stats_b_momentum_eps1p0_min2_w5_a0p7_pw1p0_mw0p5.csv
summary_path: outputs/b_motion/summary_b_momentum_eps1p0_min2_w5_a0p7_pw1p0_mw0p5.csv
