================================================================================
Stage 3: B-class motion feature enhanced clustering
================================================================================

[1] Data loaded
Data shape: (17953, 4)
Number of frames: 541

[2] Adding motion features
Columns: ['time_step', 'ID', 'X', 'Y', 'vx', 'vy', 'window_vx', 'window_vy', 'momentum_vx', 'momentum_vy', 'cos_theta', 'sin_theta']

[3] Running B-class method
feature_mode: window_velocity
eps: 1.0
min_samples: 2
window_size: 5
momentum_alpha: 0.7
position_weight: 1.0
motion_weight: 0.5

[4] Summary
method: dbscan_kmeans_fallback
feature_mode: window_velocity
num_frames: 541
avg_num_clusters: 3.9537892791127542
min_num_clusters: 2
max_num_clusters: 9
std_num_clusters: 1.2951796185870776
avg_noise_ratio: 0.1067733917481899
avg_raw_dbscan_num_clusters: 3.9408502772643255
avg_raw_dbscan_noise_ratio: 0.10770802637214734
fallback_frames: 7
fallback_ratio: 0.012939001848428836
avg_runtime_sec: 0.0006837655347728906
total_runtime_sec: 0.8900570869445801
frames_with_less_than_2_clusters: 0
ratio_frames_at_least_2_clusters: 1.0
eps: 1.0
min_samples: 2
window_size: 5
momentum_alpha: 0.7
position_weight: 1.0
motion_weight: 0.5
result_path: outputs/b_motion/clusters_b_window_velocity_eps1p0_min2_w5_a0p7_pw1p0_mw0p5.csv
stats_path: outputs/b_motion/stats_b_window_velocity_eps1p0_min2_w5_a0p7_pw1p0_mw0p5.csv

[5] Saved files
result_path: outputs/b_motion/clusters_b_window_velocity_eps1p0_min2_w5_a0p7_pw1p0_mw0p5.csv
stats_path: outputs/b_motion/stats_b_window_velocity_eps1p0_min2_w5_a0p7_pw1p0_mw0p5.csv
summary_path: outputs/b_motion/summary_b_window_velocity_eps1p0_min2_w5_a0p7_pw1p0_mw0p5.csv
